
> dakeek-web@0.1.0 build
> next build

   Γû▓ Next.js 16.0.10 (Turbopack)
   - Environments: .env.local, .env

   Creating an optimized production build ...
 Γ£ô Compiled successfully in 7.8s
   Running TypeScript ...
   Collecting page data using 11 workers ...
node.exe :  ΓÜá 
Using edge runtime 
on a page currently 
disables static 
generation for that 
page
At line:1 char:1
+ & "C:\Program Files
\nodejs/node.exe" 
"C:\Program 
Files\nodejs/node_mo 
...
+ ~~~~~~~~~~~~~~~~~~~
~~~~~~~~~~~~~~~~~~~~~
~~~~~~~~~~~~~~~~~~~~~
~~~~~~~~
    + CategoryInfo   
           : NotSpe  
  cified: ( ΓÜá Us   
 ing edge...n for    
 that page:Strin    
g) [], RemoteExc    
eption
    + FullyQualified 
   ErrorId : Native  
  CommandError
 
   Generating static pages using 11 workers (0/58) ...
Error occurred 
prerendering page "/a
reas/damac-hills". 
Read more: https://ne
xtjs.org/docs/message
s/prerender-error
Error: Functions 
cannot be passed 
directly to Client 
Components unless 
you explicitly 
expose it by marking 
it with "use 
server". Or maybe 
you meant to call 
this function rather 
than return it.
  {$$typeof: ..., 
render: function, 
displayName: ...}
                     
     ^^^^^^^^
    at stringify 
(<anonymous>) {
  digest: 
'1257659611'
}
Export encountered 
an error on /areas/[l
ocation]/page: 
/areas/damac-hills, 
exiting the build.
 Γ¿» Next.js build 
worker exited with 
code: 1 and signal: 
null
